../Core/Src/DUST_functions.c:140:6:DATA_RECEIVED	32	static
../Core/Src/DUST_functions.c:268:20:CHANNEL_SET	16	static
../Core/Src/DUST_functions.c:275:6:LED_BLINKING	16	static
../Core/Src/DUST_functions.c:283:6:GET_ADC_VALUES	24	static
../Core/Src/DUST_functions.c:302:6:GET_ADC_VALUES_continous	16	static
../Core/Src/DUST_functions.c:316:6:HAL_LPTIM_AutoReloadMatchCallback	16	static
../Core/Src/DUST_functions.c:354:6:HAL_SPI_TxRxCpltCallback	24	static
../Core/Src/DUST_functions.c:377:13:DUST_Internal_ResetChannel	16	static
../Core/Src/DUST_functions.c:395:17:DUST_Internal_MAVG_Update	24	static
../Core/Src/DUST_functions.c:439:17:DUST_Internal_Baseline_Update	24	static
../Core/Src/DUST_functions.c:447:13:DUST_Internal_CallCallback	40	static
../Core/Src/DUST_functions.c:469:6:DUST_Init	16	static
../Core/Src/DUST_functions.c:479:6:DUST_SetCallback	16	static
../Core/Src/DUST_functions.c:484:6:DUST_SetCurrentChannel	16	static
../Core/Src/DUST_functions.c:497:6:DUST_Process	32	static
../Core/Src/DUST_functions.c:619:10:DUST_BuildFrame	24	static
../Core/Src/DUST_functions.c:650:6:DUST_SendFrame_UART	16	static
