../Core/Src/DUST_functions.c:140:6:DATA_RECEIVED	32	static
../Core/Src/DUST_functions.c:268:20:CHANNEL_SET	16	static
../Core/Src/DUST_functions.c:275:6:LED_BLINKING	16	static
../Core/Src/DUST_functions.c:287:6:GET_ADC_VALUES	24	static
../Core/Src/DUST_functions.c:306:6:GET_ADC_VALUES_continous	8	static
../Core/Src/DUST_functions.c:329:6:HAL_TIM_PeriodElapsedCallback	16	static
../Core/Src/DUST_functions.c:350:6:HAL_LPTIM_AutoReloadMatchCallback	16	static
../Core/Src/DUST_functions.c:388:6:HAL_SPI_TxRxCpltCallback	24	static
../Core/Src/DUST_functions.c:411:13:DUST_Internal_ResetChannel	16	static
../Core/Src/DUST_functions.c:429:17:DUST_Internal_MAVG_Update	24	static
../Core/Src/DUST_functions.c:473:17:DUST_Internal_Baseline_Update	24	static
../Core/Src/DUST_functions.c:481:13:DUST_Internal_CallCallback	40	static
../Core/Src/DUST_functions.c:503:6:DUST_Init	16	static
../Core/Src/DUST_functions.c:513:6:DUST_SetCallback	16	static
../Core/Src/DUST_functions.c:518:6:DUST_SetCurrentChannel	16	static
../Core/Src/DUST_functions.c:531:6:DUST_Process	32	static
../Core/Src/DUST_functions.c:653:10:DUST_BuildFrame	24	static
../Core/Src/DUST_functions.c:684:6:DUST_SendFrame_UART	16	static
