../Core/Src/DUST_functions.c:142:6:DATA_RECEIVED	32	static
../Core/Src/DUST_functions.c:270:20:CHANNEL_SET	16	static
../Core/Src/DUST_functions.c:277:6:LED_BLINKING	16	static
../Core/Src/DUST_functions.c:289:6:GET_ADC_VALUES	24	static
../Core/Src/DUST_functions.c:308:6:GET_ADC_VALUES_continous	8	static
../Core/Src/DUST_functions.c:331:6:HAL_TIM_PeriodElapsedCallback	16	static
../Core/Src/DUST_functions.c:352:6:HAL_LPTIM_AutoReloadMatchCallback	16	static
../Core/Src/DUST_functions.c:390:6:HAL_SPI_TxRxCpltCallback	24	static
../Core/Src/DUST_functions.c:413:13:DUST_Internal_ResetChannel	16	static
../Core/Src/DUST_functions.c:431:17:DUST_Internal_MAVG_Update	24	static
../Core/Src/DUST_functions.c:475:17:DUST_Internal_Baseline_Update	24	static
../Core/Src/DUST_functions.c:483:13:DUST_Internal_CallCallback	40	static
../Core/Src/DUST_functions.c:505:6:DUST_Init	16	static
../Core/Src/DUST_functions.c:515:6:DUST_SetCallback	16	static
../Core/Src/DUST_functions.c:520:6:DUST_SetCurrentChannel	16	static
../Core/Src/DUST_functions.c:533:6:DUST_Process	32	static
../Core/Src/DUST_functions.c:655:10:DUST_BuildFrame	24	static
../Core/Src/DUST_functions.c:686:6:DUST_SendFrame_UART	16	static
../Core/Src/DUST_functions.c:698:6:HAL_COMP_TriggerCallback	24	static
