../Core/Src/DUST_functions.c:145:6:DATA_RECEIVED	32	static
../Core/Src/DUST_functions.c:274:20:CHANNEL_SET	16	static
../Core/Src/DUST_functions.c:281:6:LED_BLINKING	16	static
../Core/Src/DUST_functions.c:293:6:GET_ADC_VALUES	24	static
../Core/Src/DUST_functions.c:312:6:GET_ADC_VALUES_continous	8	static
../Core/Src/DUST_functions.c:335:6:HAL_TIM_PeriodElapsedCallback	16	static
../Core/Src/DUST_functions.c:356:6:HAL_LPTIM_AutoReloadMatchCallback	24	static
../Core/Src/DUST_functions.c:403:6:HAL_SPI_TxRxCpltCallback	24	static
../Core/Src/DUST_functions.c:426:13:DUST_Internal_ResetChannel	16	static
../Core/Src/DUST_functions.c:444:17:DUST_Internal_MAVG_Update	24	static
../Core/Src/DUST_functions.c:488:17:DUST_Internal_Baseline_Update	24	static
../Core/Src/DUST_functions.c:496:13:DUST_Internal_CallCallback	40	static
../Core/Src/DUST_functions.c:518:6:DUST_Init	16	static
../Core/Src/DUST_functions.c:528:6:DUST_SetCallback	16	static
../Core/Src/DUST_functions.c:533:6:DUST_SetCurrentChannel	16	static
../Core/Src/DUST_functions.c:546:6:DUST_Process	32	static
../Core/Src/DUST_functions.c:668:10:DUST_BuildFrame	24	static
../Core/Src/DUST_functions.c:699:6:DUST_SendFrame_UART	16	static
../Core/Src/DUST_functions.c:711:6:HAL_COMP_TriggerCallback	24	static
../Core/Src/DUST_functions.c:747:6:DUST_Save_To_Ram	16	static
../Core/Src/DUST_functions.c:774:10:DUST_BuildFrame_RAM	24	static
