../Drivers/STM32WBAxx_HAL_Driver/Inc/stm32wbaxx_ll_pwr.h:850:22:LL_PWR_SetICacheRAMStopRetention	16	static
../Drivers/STM32WBAxx_HAL_Driver/Inc/stm32wbaxx_ll_icache.h:219:22:LL_ICACHE_Enable	4	static
../Drivers/STM32WBAxx_HAL_Driver/Inc/stm32wbaxx_ll_icache.h:252:22:LL_ICACHE_SetMode	16	static
../Core/Src/main.c:97:6:MyDustEventHandler	24	static
../Core/Src/main.c:110:6:SD_Write_Test_File	48	static
../Core/Src/main.c:212:5:main	8	static
../Core/Src/main.c:334:6:SystemClock_Config	104	static
../Core/Src/main.c:402:6:PeriphCommonClock_Config	80	static
../Core/Src/main.c:422:6:MX_ADC4_Init	24	static
../Core/Src/main.c:481:13:MX_COMP1_Init	8	static
../Core/Src/main.c:516:6:MX_CRC_Init	8	static
../Core/Src/main.c:549:6:MX_GPDMA1_Init	16	static
../Core/Src/main.c:583:6:MX_ICACHE_Init	8	static
../Core/Src/main.c:613:13:MX_LPTIM1_Init	8	static
../Core/Src/main.c:648:6:MX_RAMCFG_Init	8	static
../Core/Src/main.c:677:6:MX_RTC_Init	88	static
../Core/Src/main.c:747:13:MX_SPI3_Init	24	static
../Core/Src/main.c:802:13:MX_TIM1_Init	24	static
../Core/Src/main.c:843:13:MX_TIM3_Init	48	static
../Core/Src/main.c:901:6:MX_USART1_UART_Init	8	static
../Core/Src/main.c:949:6:MX_GPIO_Init	40	static
../Core/Src/main.c:1058:6:Error_Handler	4	static,ignoring_inline_asm
