../Drivers/STM32WBAxx_HAL_Driver/Inc/stm32wbaxx_ll_pwr.h:850:22:LL_PWR_SetICacheRAMStopRetention	16	static
../Drivers/STM32WBAxx_HAL_Driver/Inc/stm32wbaxx_ll_icache.h:219:22:LL_ICACHE_Enable	4	static
../Drivers/STM32WBAxx_HAL_Driver/Inc/stm32wbaxx_ll_icache.h:252:22:LL_ICACHE_SetMode	16	static
../Core/Src/main.c:97:6:MyDustEventHandler	24	static
../Core/Src/main.c:111:6:SD_Write_Test_File	40	static
../Core/Src/main.c:216:5:main	8	static
../Core/Src/main.c:338:6:SystemClock_Config	104	static
../Core/Src/main.c:406:6:PeriphCommonClock_Config	80	static
../Core/Src/main.c:426:6:MX_ADC4_Init	24	static
../Core/Src/main.c:485:13:MX_COMP1_Init	8	static
../Core/Src/main.c:520:6:MX_CRC_Init	8	static
../Core/Src/main.c:553:6:MX_GPDMA1_Init	16	static
../Core/Src/main.c:587:6:MX_ICACHE_Init	8	static
../Core/Src/main.c:617:13:MX_LPTIM1_Init	8	static
../Core/Src/main.c:652:6:MX_RAMCFG_Init	8	static
../Core/Src/main.c:681:6:MX_RTC_Init	88	static
../Core/Src/main.c:751:13:MX_SPI3_Init	24	static
../Core/Src/main.c:806:13:MX_TIM1_Init	24	static
../Core/Src/main.c:847:13:MX_TIM3_Init	48	static
../Core/Src/main.c:905:6:MX_USART1_UART_Init	8	static
../Core/Src/main.c:953:6:MX_GPIO_Init	40	static
../Core/Src/main.c:1062:6:Error_Handler	4	static,ignoring_inline_asm
