../Drivers/CMSIS/Include/core_cm33.h:2390:22:__NVIC_EnableIRQ	16	static,ignoring_inline_asm
../Drivers/CMSIS/Include/core_cm33.h:2428:22:__NVIC_DisableIRQ	16	static,ignoring_inline_asm
../Drivers/STM32WBAxx_HAL_Driver/Inc/stm32wbaxx_ll_rcc.h:1773:22:LL_RCC_RADIO_DisableSleepTimerClock	4	static
../Drivers/STM32WBAxx_HAL_Driver/Inc/stm32wbaxx_ll_tim.h:5005:22:LL_TIM_ClearFlag_UPDATE	16	static
../Drivers/STM32WBAxx_HAL_Driver/Inc/stm32wbaxx_ll_tim.h:5016:26:LL_TIM_IsActiveFlag_UPDATE	16	static
../Core/Src/stm32wbaxx_it.c:85:6:NMI_Handler	4	static
../Core/Src/stm32wbaxx_it.c:100:6:HardFault_Handler	4	static
../Core/Src/stm32wbaxx_it.c:115:6:MemManage_Handler	4	static
../Core/Src/stm32wbaxx_it.c:130:6:BusFault_Handler	4	static
../Core/Src/stm32wbaxx_it.c:145:6:UsageFault_Handler	4	static
../Core/Src/stm32wbaxx_it.c:160:6:SVC_Handler	4	static
../Core/Src/stm32wbaxx_it.c:173:6:DebugMon_Handler	4	static
../Core/Src/stm32wbaxx_it.c:186:6:PendSV_Handler	4	static
../Core/Src/stm32wbaxx_it.c:199:6:SysTick_Handler	8	static
../Core/Src/stm32wbaxx_it.c:220:6:RTC_IRQHandler	8	static
../Core/Src/stm32wbaxx_it.c:235:6:RCC_IRQHandler	8	static
../Core/Src/stm32wbaxx_it.c:265:6:GPDMA1_Channel0_IRQHandler	8	static
../Core/Src/stm32wbaxx_it.c:279:6:GPDMA1_Channel1_IRQHandler	8	static
../Core/Src/stm32wbaxx_it.c:293:6:GPDMA1_Channel3_IRQHandler	8	static
../Core/Src/stm32wbaxx_it.c:307:6:GPDMA1_Channel4_IRQHandler	8	static
../Core/Src/stm32wbaxx_it.c:321:6:USART1_IRQHandler	8	static
../Core/Src/stm32wbaxx_it.c:335:6:LPTIM1_IRQHandler	8	static
../Core/Src/stm32wbaxx_it.c:349:6:TIM16_IRQHandler	8	static
../Core/Src/stm32wbaxx_it.c:375:6:SPI3_IRQHandler	8	static
../Core/Src/stm32wbaxx_it.c:389:6:RADIO_IRQHandler	8	static,ignoring_inline_asm
../Core/Src/stm32wbaxx_it.c:411:6:HASH_IRQHandler	8	static
