../Drivers/CMSIS/Include/core_cm33.h:2390:22:__NVIC_EnableIRQ	16	static,ignoring_inline_asm
../Drivers/CMSIS/Include/core_cm33.h:2428:22:__NVIC_DisableIRQ	16	static,ignoring_inline_asm
../Drivers/STM32WBAxx_HAL_Driver/Inc/stm32wbaxx_ll_rcc.h:1773:22:LL_RCC_RADIO_DisableSleepTimerClock	4	static
../Drivers/STM32WBAxx_HAL_Driver/Inc/stm32wbaxx_ll_tim.h:5005:22:LL_TIM_ClearFlag_UPDATE	16	static
../Drivers/STM32WBAxx_HAL_Driver/Inc/stm32wbaxx_ll_tim.h:5016:26:LL_TIM_IsActiveFlag_UPDATE	16	static
../Core/Src/stm32wbaxx_it.c:86:6:NMI_Handler	4	static
../Core/Src/stm32wbaxx_it.c:101:6:HardFault_Handler	4	static
../Core/Src/stm32wbaxx_it.c:116:6:MemManage_Handler	4	static
../Core/Src/stm32wbaxx_it.c:131:6:BusFault_Handler	4	static
../Core/Src/stm32wbaxx_it.c:146:6:UsageFault_Handler	4	static
../Core/Src/stm32wbaxx_it.c:161:6:SVC_Handler	4	static
../Core/Src/stm32wbaxx_it.c:174:6:DebugMon_Handler	4	static
../Core/Src/stm32wbaxx_it.c:187:6:PendSV_Handler	4	static
../Core/Src/stm32wbaxx_it.c:200:6:SysTick_Handler	8	static
../Core/Src/stm32wbaxx_it.c:221:6:RTC_IRQHandler	8	static
../Core/Src/stm32wbaxx_it.c:236:6:RCC_IRQHandler	8	static
../Core/Src/stm32wbaxx_it.c:266:6:GPDMA1_Channel0_IRQHandler	8	static
../Core/Src/stm32wbaxx_it.c:280:6:GPDMA1_Channel1_IRQHandler	8	static
../Core/Src/stm32wbaxx_it.c:294:6:GPDMA1_Channel3_IRQHandler	8	static
../Core/Src/stm32wbaxx_it.c:308:6:GPDMA1_Channel4_IRQHandler	8	static
../Core/Src/stm32wbaxx_it.c:322:6:TIM1_BRK_IRQHandler	8	static
../Core/Src/stm32wbaxx_it.c:336:6:TIM1_UP_IRQHandler	8	static
../Core/Src/stm32wbaxx_it.c:350:6:USART1_IRQHandler	8	static
../Core/Src/stm32wbaxx_it.c:364:6:LPTIM1_IRQHandler	8	static
../Core/Src/stm32wbaxx_it.c:378:6:TIM16_IRQHandler	8	static
../Core/Src/stm32wbaxx_it.c:404:6:SPI3_IRQHandler	8	static
../Core/Src/stm32wbaxx_it.c:418:6:RADIO_IRQHandler	8	static,ignoring_inline_asm
../Core/Src/stm32wbaxx_it.c:440:6:HASH_IRQHandler	8	static
