../Core/Src/user_diskio.c:34:16:SPI_TxRx	32	static
../Core/Src/user_diskio.c:41:13:xmit_spi	16	static
../Core/Src/user_diskio.c:45:16:rcvr_spi	8	static
../Core/Src/user_diskio.c:50:12:wait_ready	16	static
../Core/Src/user_diskio.c:62:13:deselect	8	static
../Core/Src/user_diskio.c:68:12:select	8	static
../Core/Src/user_diskio.c:76:16:send_cmd	24	static
../Core/Src/user_diskio.c:117:9:disk_initialize	40	static
../Core/Src/user_diskio.c:162:9:disk_read	40	static
../Core/Src/user_diskio.c:186:9:disk_write	32	static
../Core/Src/user_diskio.c:205:9:disk_ioctl	16	static
../Core/Src/user_diskio.c:206:9:disk_status	16	static
../Core/Src/user_diskio.c:207:7:get_fattime	4	static
