../Drivers/STM32WBAxx_HAL_Driver/Inc/stm32wbaxx_ll_system.h:945:26:LL_DBGMCU_GetDeviceID	4	static
../Drivers/STM32WBAxx_HAL_Driver/Inc/stm32wbaxx_ll_system.h:956:26:LL_DBGMCU_GetRevisionID	4	static
../Drivers/STM32WBAxx_HAL_Driver/Inc/stm32wbaxx_ll_system.h:1253:26:LL_FLASH_GetUDN	4	static
../Drivers/STM32WBAxx_HAL_Driver/Inc/stm32wbaxx_ll_system.h:1263:26:LL_FLASH_GetDeviceID	4	static
../Drivers/STM32WBAxx_HAL_Driver/Inc/stm32wbaxx_ll_system.h:1273:26:LL_FLASH_GetSTCompanyID	4	static
../Drivers/STM32WBAxx_HAL_Driver/Inc/stm32wbaxx_ll_utils.h:199:26:LL_GetUID_Word0	4	static
../Drivers/STM32WBAxx_HAL_Driver/Inc/stm32wbaxx_ll_utils.h:208:26:LL_GetUID_Word1	4	static
../Drivers/STM32WBAxx_HAL_Driver/Inc/stm32wbaxx_ll_utils.h:217:26:LL_GetUID_Word2	4	static
../Drivers/STM32WBAxx_HAL_Driver/Inc/stm32wbaxx_ll_utils.h:253:26:LL_GetPackageType	4	static
../STM32_WPAN/App/app_ble.c:226:6:APP_BLE_Init	16	static
../STM32_WPAN/App/app_ble.c:302:28:SVCCTL_App_Notification	128	static
../STM32_WPAN/App/app_ble.c:694:22:APP_BLE_Get_Server_Connection_Status	4	static
../STM32_WPAN/App/app_ble.c:699:6:APP_BLE_Procedure_Gap_General	32	static
../STM32_WPAN/App/app_ble.c:794:6:APP_BLE_Procedure_Gap_Peripheral	96	static
../STM32_WPAN/App/app_ble.c:1011:16:BleGetBdAddress	16	static
../STM32_WPAN/App/app_ble.c:1020:12:SetGapAppearance	32	static
../STM32_WPAN/App/app_ble.c:1034:12:SetGapDeviceName	32	static
../STM32_WPAN/App/app_ble.c:1048:6:APP_BLE_HostNvmStore	8	static
../STM32_WPAN/App/app_ble.c:1063:16:HOST_BLE_Init	16	static
../STM32_WPAN/App/app_ble.c:1097:13:Ble_Hci_Gap_Gatt_Init	112	static
../STM32_WPAN/App/app_ble.c:1438:13:Ble_UserEvtRx	16	static
../STM32_WPAN/App/app_ble.c:1466:23:BleGenerateBdAddress	48	static
../STM32_WPAN/App/app_ble.c:1540:23:BleGenerateIRValue	80	static
../STM32_WPAN/App/app_ble.c:1601:23:BleGenerateERValue	80	static
../STM32_WPAN/App/app_ble.c:1663:13:BleStack_Process_BG	8	static
../STM32_WPAN/App/app_ble.c:1671:13:gap_cmd_resp_release	8	static
../STM32_WPAN/App/app_ble.c:1677:13:gap_cmd_resp_wait	8	static
../STM32_WPAN/App/app_ble.c:1688:13:BLE_ResumeFlowProcessCallback	16	static
../STM32_WPAN/App/app_ble.c:1698:13:BLE_NvmCallback	16	static
../STM32_WPAN/App/app_ble.c:1709:13:fill_advData	32	static
../STM32_WPAN/App/app_ble.c:1791:12:BLECB_Indication	32	static
